// Jest Snapshot v1, https://goo.gl/fbAQLP

exports[`index integration renders an SVG 1`] = `
<div>
  <img
    data-src="../__fixtures__/logo.svg"
    src=""
  />
</div>
`;
